// Vitest Snapshot v1, https://vitest.dev/guide/snapshot.html

exports[`Repeated wrapper with <input /> + sibling <div> > shadow root structure matches snapshot 1`] = `
"
<otp-like-structure data-cloak=""><!-- #shadowroot -->
  <div class="otp-digits">
    <div class="otp-digit-wrapper"><input class="otp-digit" type="text" inputmode="numeric" autocomplete="one-time-code" maxlength="1">
      <div class="otp-dot"></div>
    </div>
    <div class="otp-digit-wrapper"><input class="otp-digit" type="text" inputmode="numeric" autocomplete="one-time-code" maxlength="1">
      <div class="otp-dot"></div>
    </div>
    <div class="otp-digit-wrapper"><input class="otp-digit" type="text" inputmode="numeric" autocomplete="one-time-code" maxlength="1">
      <div class="otp-dot"></div>
    </div>
    <div class="otp-digit-wrapper"><input class="otp-digit" type="text" inputmode="numeric" autocomplete="one-time-code" maxlength="1">
      <div class="otp-dot"></div>
    </div>
    <div class="otp-digit-wrapper"><input class="otp-digit" type="text" inputmode="numeric" autocomplete="one-time-code" maxlength="1">
      <div class="otp-dot"></div>
    </div>
    <div class="otp-digit-wrapper"><input class="otp-digit" type="text" inputmode="numeric" autocomplete="one-time-code" maxlength="1">
      <div class="otp-dot"></div>
    </div>
  </div>
</otp-like-structure>
"
`;
